[debug] [2026-07-25T18:06:55.781Z] ----------------------------------------------------------------------
[debug] [2026-07-25T18:06:55.783Z] Command:       /opt/homebrew/Cellar/node@22/22.22.0_1/bin/node /opt/homebrew/bin/firebase init
[debug] [2026-07-25T18:06:55.784Z] CLI Version:   15.8.0
[debug] [2026-07-25T18:06:55.784Z] Platform:      darwin
[debug] [2026-07-25T18:06:55.784Z] Node Version:  v22.22.0
[debug] [2026-07-25T18:06:55.784Z] Time:          Sat Jul 25 2026 23:36:55 GMT+0530 (India Standard Time)
[debug] [2026-07-25T18:06:55.784Z] ----------------------------------------------------------------------
[debug] 
[debug] [2026-07-25T18:07:12.756Z] Object "" in "firebase.json" has unknown property: {"additionalProperty":"flutter"}
[debug] [2026-07-25T18:07:12.762Z] Object "" in "firebase.json" has unknown property: {"additionalProperty":"flutter"}
[info] 
     ######## #### ########  ######## ########     ###     ######  ########
     ##        ##  ##     ## ##       ##     ##  ##   ##  ##       ##
     ######    ##  ########  ######   ########  #########  ######  ######
     ##        ##  ##    ##  ##       ##     ## ##     ##       ## ##
     ##       #### ##     ## ######## ########  ##     ##  ######  ########

You're about to initialize a Firebase project in this directory:

  /Users/suraj/Projects/rewardhub

Before we get started, keep in mind:

  * You are initializing within an existing Firebase project directory

[debug] [2026-07-25T18:07:46.229Z] ExitPromptError: User force closed the prompt with SIGINT
    at Interface.sigint (/opt/homebrew/lib/node_modules/firebase-tools/node_modules/@inquirer/core/dist/commonjs/lib/create-prompt.js:101:37)
    at Interface.emit (node:events:519:28)
    at [_ttyWrite] [as _ttyWrite] (node:internal/readline/interface:1134:18)
    at ReadStream.onkeypress (node:internal/readline/interface:271:20)
    at ReadStream.emit (node:events:531:35)
    at emitKeys (node:internal/readline/utils:370:14)
    at emitKeys.next (<anonymous>)
    at ReadStream.onData (node:internal/readline/emitKeypressEvents:64:36)
    at ReadStream.emit (node:events:519:28)
    at addChunk (node:internal/streams/readable:561:12)
[error] 
[error] Error: An unexpected error has occurred.
